[0;32m[INFO][0m Starting hg38 to hs1 liftover process...
[0;32m[INFO][0m Working directory: /home/gcharbonnier/SMaSH
[0;32m[INFO][0m Looking for Picard...
[0;32m[INFO][0m Found picard in PATH
[0;32m[INFO][0m Chain file already exists: hg38ToHs1.over.chain.gz
[0;32m[INFO][0m Reference genome already exists: hs1.fa
[0;32m[INFO][0m Running Picard LiftoverVcf with 8g heap memory...
INFO	2025-11-24 16:16:05	LiftoverVcf	

********** NOTE: Picard's command line syntax is changing.
**********
********** For more information, please see:
********** 
https://github.com/broadinstitute/picard/wiki/Command-Line-Syntax-Transition-For-Users-(Pre-Transition)
**********
********** The command line looks like this in the new syntax:
**********
**********    LiftoverVcf -I /home/gcharbonnier/SMaSH/snps_GRCh38.vcf -O /home/gcharbonnier/SMaSH/snps_hs1.vcf -CHAIN hg38ToHs1.over.chain -REJECT /home/gcharbonnier/SMaSH/snps_hs1_rejected.vcf -R hs1.fa -WARN_ON_MISSING_CONTIG true
**********


16:16:05.495 INFO  NativeLibraryLoader - Loading libgkl_compression.so from jar:file:/home/gcharbonnier/.conda/envs/picard/share/picard-3.4.0-0/picard.jar!/com/intel/gkl/native/libgkl_compression.so
WARNING: A restricted method in java.lang.System has been called
WARNING: java.lang.System::load has been called by com.intel.gkl.NativeLibraryLoader in an unnamed module (file:/home/gcharbonnier/.conda/envs/picard/share/picard-3.4.0-0/picard.jar)
WARNING: Use --enable-native-access=ALL-UNNAMED to avoid a warning for callers in this module
WARNING: Restricted methods will be blocked in a future release unless native access is enabled

[Mon Nov 24 16:16:05 CET 2025] LiftoverVcf INPUT=/home/gcharbonnier/SMaSH/snps_GRCh38.vcf OUTPUT=/home/gcharbonnier/SMaSH/snps_hs1.vcf CHAIN=hg38ToHs1.over.chain REJECT=/home/gcharbonnier/SMaSH/snps_hs1_rejected.vcf WARN_ON_MISSING_CONTIG=true REFERENCE_SEQUENCE=hs1.fa    LOG_FAILED_INTERVALS=true WRITE_ORIGINAL_POSITION=false WRITE_ORIGINAL_ALLELES=false LIFTOVER_MIN_MATCH=1.0 ALLOW_MISSING_FIELDS_IN_HEADER=false RECOVER_SWAPPED_REF_ALT=false TAGS_TO_REVERSE=[AF] TAGS_TO_DROP=[MAX_AF] DISABLE_SORT=false VERBOSITY=INFO QUIET=false VALIDATION_STRINGENCY=STRICT COMPRESSION_LEVEL=5 MAX_RECORDS_IN_RAM=500000 CREATE_INDEX=false CREATE_MD5_FILE=false USE_JDK_DEFLATER=false USE_JDK_INFLATER=false
[Mon Nov 24 16:16:05 CET 2025] Executing as gcharbonnier@PCA100359 on Linux 6.14.0-35-generic amd64; OpenJDK 64-Bit Server VM 25.0.1-internal-adhoc.conda.src; Deflater: Intel; Inflater: Intel; Provider GCS is available; Picard version: 3.4.0
INFO	2025-11-24 16:16:06	LiftoverVcf	Loading up the target reference genome.
INFO	2025-11-24 16:16:19	LiftoverVcf	Lifting variants over and sorting (not yet writing the output file.)
[Mon Nov 24 16:16:19 CET 2025] picard.vcf.LiftoverVcf done. Elapsed time: 0.23 minutes.
Runtime.totalMemory()=3238002688
To get help, see http://broadinstitute.github.io/picard/index.html#GettingHelp
Exception in thread "main" java.lang.IllegalStateException: Key AA found in VariantContext field INFO at chr1:979560 but this key isn't defined in the VCFHeader.  We require all VCFs to have complete VCF headers by default.
	at htsjdk.variant.vcf.VCFEncoder.fieldIsMissingFromHeaderError(VCFEncoder.java:215)
	at htsjdk.variant.vcf.VCFEncoder.write(VCFEncoder.java:148)
	at htsjdk.variant.variantcontext.writer.VCFWriter.add(VCFWriter.java:250)
	at picard.vcf.LiftoverVcf.tryToAddVariant(LiftoverVcf.java:576)
	at picard.vcf.LiftoverVcf.doWork(LiftoverVcf.java:453)
	at picard.cmdline.CommandLineProgram.instanceMain(CommandLineProgram.java:281)
	at picard.cmdline.PicardCommandLine.instanceMain(PicardCommandLine.java:105)
	at picard.cmdline.PicardCommandLine.main(PicardCommandLine.java:115)
[0;31m[ERROR][0m Liftover failed!
[0;31m[ERROR][0m Process failed!
